[getupi.in.net/index.html]
[backblue.gif]
[fade.gif]
[index.html]
[getupi.in.net/assets_home/img/apple-touch-icon.png]
[getupi.in.net/assets_home/vendor/aos/aos.css]
[getupi.in.net/assets_home/vendor/bootstrap/css/bootstrap.min.css]
[getupi.in.net/assets_home/vendor/bootstrap-icons/bootstrap-icons.css]
[getupi.in.net/assets_home/vendor/boxicons/css/boxicons.min.css]
[getupi.in.net/assets_home/vendor/glightbox/css/glightbox.min.css]
[getupi.in.net/assets_home/vendor/swiper/swiper-bundle.min.css]
[getupi.in.net/assets_home/css/style.css]
[smartupi.in/auth/assets/img/SmartUPI-Logo.png]
[getupi.in.net/terms_conditions.html]
[getupi.in.net/privacy_policy.html]
[getupi.in.net/refund_policy.html]
[getupi.in.net/account_access_policy.html]
[getupi.in.net/auth/index.html]
[getupi.in.net/auth/index-2.html]
[getupi.in.net/auth/sign-up.php]
[getupi.in.net/assets_home/img/network_solutions_animate.svg]
[ajax.googleapis.com/ajax/libs/jquery/3.6.4/jquery.min.js]
[getupi.in.net/assets_home/vendor/aos/aos.js]
[getupi.in.net/assets_home/vendor/bootstrap/js/bootstrap.bundle.min.js]
[getupi.in.net/assets_home/vendor/glightbox/js/glightbox.min.js]
[getupi.in.net/assets_home/vendor/swiper/swiper-bundle.min.js]
[getupi.in.net/assets_home/vendor/php-email-form/validate.js]
[getupi.in.net/assets_home/js/main.js]
[pay.imb.org.in/Qrcode/disable-devtool.18.delayed]
[getupi.in.net/index.html]
[getupi.in.net/assets_home/img/apple-touch-icon.html]
[getupi.in.net/assets_home/vendor/aos/aos.css]
[getupi.in.net/assets_home/vendor/bootstrap/css/bootstrap.min.css]
[getupi.in.net/assets_home/vendor/bootstrap-icons/fonts/bootstrap-icons0107.woff2]
[getupi.in.net/assets_home/vendor/bootstrap-icons/fonts/bootstrap-icons0107.woff]
[getupi.in.net/assets_home/vendor/bootstrap-icons/bootstrap-icons.css]
[getupi.in.net/assets_home/vendor/boxicons/fonts/boxicons.eot]
[getupi.in.net/assets_home/vendor/boxicons/fonts/boxicons.woff2]
[getupi.in.net/assets_home/vendor/boxicons/fonts/boxicons.woff]
[getupi.in.net/assets_home/vendor/boxicons/fonts/boxicons.ttf]
[getupi.in.net/assets_home/vendor/boxicons/css/boxicons.min.css]
[getupi.in.net/assets_home/vendor/glightbox/css/glightbox.min.css]
[getupi.in.net/assets_home/vendor/swiper/swiper-bundle.min.css]
[getupi.in.net/assets_home/css/style.css]
[getupi.in.net/assets_home/vendor/boxicons/fonts/boxiconsd41d.svg]
[smartupi.in/auth/assets/img/SmartUPI-Small-Logo.png]
[smartupi.in/home/assets/css/theme.css]
[getupi.in.net/index-2.html]
[getupi.in.net/terms_conditions-2.html]
[getupi.in.net/privacy_policy-2.html]
[getupi.in.net/refund_policy-2.html]
[getupi.in.net/account_access_policy-2.html]
[smartupi.in/home/vendors/@popperjs/popper.min.js]
[smartupi.in/home/vendors/bootstrap/bootstrap.min.js]
[smartupi.in/home/vendors/is/is.min.js]
[smartupi.in/https_/polyfill.io/v3/polyfill.min58be.js]
[getupi.in.net/terms_conditions.html]
[smartupi.in/home/assets/js/theme.js]
[getupi.in.net/privacy_policy.html]
[getupi.in.net/refund_policy.html]
[getupi.in.net/account_access_policy.html]
[getupi.in.net/assets/js/vendors/color-modes.js]
[smartupi.in/home/vendors/fontawesome/all.min.js]
[getupi.in.net/assets/libs/bootstrap-icons/font/bootstrap-icons.min.css]
[getupi.in.net/assets/libs/@mdi/font/css/materialdesignicons.min.css]
[getupi.in.net/assets/libs/simplebar/dist/simplebar.min.css]
[getupi.in.net/assets/css/theme.min.css]
[getupi.in.net/auth/forget-password.html]
[getupi.in.net/auth/your-audio-file.mp3]
[getupi.in.net/assets/libs/bootstrap/dist/js/bootstrap.bundle.min.js]
[getupi.in.net/assets/libs/feather-icons/dist/feather.min.js]
[getupi.in.net/assets/libs/simplebar/dist/simplebar.min.js]
[getupi.in.net/auth/index.html]
[getupi.in.net/assets/js/theme.min.js]
[getupi.in.net/auth/index-2.html]
[getupi.in.net/auth/sign-up.html]
[getupi.in.net/assets_home/img/network_solutions_animate.svg]
[getupi.in.net/assets_home/vendor/aos/aos.js]
[getupi.in.net/assets_home/vendor/bootstrap/js/bootstrap.bundle.min.js]
[getupi.in.net/assets_home/vendor/glightbox/js/glightbox.min.js]
[getupi.in.net/e]
[getupi.in.net/Version/index.html]
[getupi.in.net/t.params.39.delayed]
[getupi.in.net/assets_home/vendor/swiper/swiper-bundle.min.js]
[getupi.in.net/assets_home/vendor/php-email-form/validate.js]
[getupi.in.net/assets_home/js/main.js]
[pay.imb.org.in/Qrcode/disable-devtool.html]
[getupi.in.net/assets_home/vendor/boxicons/fonts/boxiconsd41d.svg]
[smartupi.in/home/assets/css/theme.css]
[getupi.in.net/index-2.html]
[getupi.in.net/terms_conditions-2.html]
[getupi.in.net/privacy_policy-2.html]
[getupi.in.net/refund_policy-2.html]
[getupi.in.net/account_access_policy-2.html]
[smartupi.in/home/vendors/@popperjs/popper.min.js]
[smartupi.in/home/vendors/bootstrap/bootstrap.min.js]
[smartupi.in/home/vendors/is/is.min.js]
[smartupi.in/https_/polyfill.io/v3/polyfill.min58be.html]
[getupi.in.net/Trident/index.html]
[smartupi.in/home/vendors/fontawesome/all.min.js]
[smartupi.in/home/assets/js/theme.js]
[getupi.in.net/assets/js/vendors/color-modes.js]
[getupi.in.net/assets/libs/bootstrap-icons/font/fonts/bootstrap-icons09cf09cf.woff2]
[getupi.in.net/assets/libs/bootstrap-icons/font/fonts/bootstrap-icons09cf09cf.woff]
[getupi.in.net/assets/libs/bootstrap-icons/font/bootstrap-icons.min.css]
[getupi.in.net/assets/libs/@mdi/font/css/materialdesignicons.min.css]
[getupi.in.net/assets/libs/simplebar/dist/simplebar.min.css]
[getupi.in.net/assets/css/theme.min.css]
[getupi.in.net/auth/forget-password.html]
[getupi.in.net/auth/your-audio-file.html]
[getupi.in.net/assets/libs/bootstrap/dist/js/bootstrap.bundle.min.js]
[getupi.in.net/auth/node.js]
[getupi.in.net/assets/libs/feather-icons/dist/feather.min.js]
[getupi.in.net/assets/libs/simplebar/dist/simplebar.min.js]
[getupi.in.net/assets/js/theme.min.js]
[getupi.in.net/Version/index.html]
[getupi.in.net/e.html]
[getupi.in.net/t.params.html]
[getupi.in.net/Trident/index.html]
[getupi.in.net/auth/node.html]
